audio1.nsamples() = 144000
audio1.diagnostic_string() = nsamples=144000 nchannels=2 (48000 Hz) (wav) (256.00 kbps)
audio2.nsamples() = 144000
audio2.diagnostic_string() = nsamples=144000 nchannels=2 (48000 Hz) (wav)
audio2.dims() = [2, 144000]
# Schan_diff:         (144000 )           0:0            av=0              sd=0
# Senc_diff:          (288000 )           0:0            av=0              sd=0
audio1[0].head(5) = Array<float>(5) {
  0
  0.052336
  0.104528
  0.156434
  0.207912
}
audio2[1].head(5) = Array<float>(5) {
  0
  0.052336
  0.104528
  0.156434
  0.207912
}
audio.diagnostic_string() = nsamples=10 nchannels=3 (44100 Hz) (wav) (999 bps)
audio2.diagnostic_string() = nsamples=10 nchannels=3 (44100 Hz) (wav)
audio2[2] = Array<float>(10) {
  -1.5
  -1.2
  -0.9
  -0.6
  -0.3
  0
  0.3
  0.6
  0.9
  1.2
}
audio.diagnostic_string()=nsamples=5 nchannels=1 (0 Hz) audio.nchannels()=1 audio.nsamples()=5
audio.diagnostic_string() = nsamples=5 nchannels=1 (8000 Hz) (mp3) (2.50 Mbps)
audio.diagnostic_string() = nsamples=5 nchannels=1 (8000 Hz) (mp3) (500 bps)
filename=a.wav filename_is_audio(filename)=1
filename=a.WAV filename_is_audio(filename)=1
filename=a.mp3 filename_is_audio(filename)=1
filename=a.mp4 filename_is_audio(filename)=0
filename=a.pcm filename_is_audio(filename)=0
filename=a filename_is_audio(filename)=0
audio_suffix_for_magic_byte('R')=wav audio_suffix_for_magic_byte('I')=mp3 audio_suffix_for_magic_byte(uchar{255})=
