Found char 'a'
Found char 'b'
Found char 'a'
Found char 'b'
Found char 'a'
Found char 'b'
Found char 'a'
Found char 'b'
Found char 'a'
Found char 'b'
Found char 'a'
Found char 'b'
Found char 'a'
Found char 'b'
Found char 'a'
Found char 'b'
Found char 'a'
Found char 'b'
Found char 'a'
Found char 'b'
Found char 'a'
Found char 'b'
Found char 'a'
Found char 'b'
Found char 'a'
Found char 'b'
Found char 'a'
Found char 'b'
Found char 'a'
Found char 'b'
Found char 'a'
Found char 'b'
Found char 'a'
Found char 'b'
Found char 'a'
Found char 'b'
Found char 'a'
Found char 'b'
Found char 'a'
Found char 'b'
Found char 'a'
Found char 'b'
Found char 'a'
Found char 'b'
Found char 'a'
Found char 'b'
goteof
i = 46
