move.enter(4) = 0
move.enter(5) = 1
move.enter(6) = 2
move.enter(4) = 2
move.enter(4) = 0
move.enter(5) = 2
move.enter(4) = 1
# Encoding {
#  11 0.125
#  13 0.125
#  12 0.25
#  10 0.5
# }
enc.huffman_cost() = 1.75
enc.entropy() = 1.75
enc.norm_entropy() = 1.75
# Encoding: enc (nunique=4, tot_prob=1) {
#                     10  0.50000  cumu 0.50000
#                     12  0.25000  cumu 0.75000
# } normalized_entropy=1.750000
# DE de: n=5  nbits=1.5  sign=0.6  bdelta=3.8  total=6.0  (30)
total_bits = 30
DeltaEncoding::val_bits(13.f) = 3
DeltaEncoding::val_bits(3.15f) = 2
DeltaEncoding::val_bits(3.1f) = 2
DeltaEncoding::val_bits(3.f) = 2
DeltaEncoding::val_bits(2.5f) = 1
DeltaEncoding::val_bits(2.2f) = 1
DeltaEncoding::val_bits(2.0f) = 1
DeltaEncoding::val_bits(1.5f) = 1
DeltaEncoding::val_bits(1.0f) = 1
DeltaEncoding::val_sign(13.3f) = 1
DeltaEncoding::val_sign(-13.3f) = 0
de.total_entropy() = 29.3645
