GMesh::string_update(s1, "sharp", nullptr) = normal=(.1 .2 .3) groups="tuv=3" uv=(1 2) tag
GMesh::string_update(s1, "sharp", "") = sharp normal=(.1 .2 .3) groups="tuv=3" uv=(1 2) tag
GMesh::string_update(s1, "sharp", "(1 2)") = sharp=(1 2) normal=(.1 .2 .3) groups="tuv=3" uv=(1 2) tag
GMesh::string_update(s1, "sharp", "\"true\"") = sharp="true" normal=(.1 .2 .3) groups="tuv=3" uv=(1 2) tag
GMesh::string_update(s1, "normal", nullptr) = sharp groups="tuv=3" uv=(1 2) tag
GMesh::string_update(s1, "normal", "") = sharp normal groups="tuv=3" uv=(1 2) tag
GMesh::string_update(s1, "normal", "(0.0 0.1 0.2)") = sharp normal=(0.0 0.1 0.2) groups="tuv=3" uv=(1 2) tag
GMesh::string_update(s1, "groups", nullptr) = sharp normal=(.1 .2 .3) uv=(1 2) tag
GMesh::string_update(s1, "groups", "") = sharp normal=(.1 .2 .3) groups uv=(1 2) tag
GMesh::string_update(s1, "groups", "\"group\"") = sharp normal=(.1 .2 .3) groups="group" uv=(1 2) tag
GMesh::string_update(s1, "uv", nullptr) = sharp normal=(.1 .2 .3) groups="tuv=3" tag
GMesh::string_update(s1, "uv", "") = sharp normal=(.1 .2 .3) groups="tuv=3" uv tag
GMesh::string_update(s1, "uv", "()") = sharp normal=(.1 .2 .3) groups="tuv=3" uv=() tag
GMesh::string_update(s1, "tag", nullptr) = sharp normal=(.1 .2 .3) groups="tuv=3" uv=(1 2)
GMesh::string_update(s1, "tag", "") = sharp normal=(.1 .2 .3) groups="tuv=3" uv=(1 2) tag
GMesh::string_update(s1, "tag", "(hello)") = sharp normal=(.1 .2 .3) groups="tuv=3" uv=(1 2) tag=(hello)
GMesh::string_update(s1, "new", nullptr) = sharp normal=(.1 .2 .3) groups="tuv=3" uv=(1 2) tag
GMesh::string_update(s1, "new", "") = sharp normal=(.1 .2 .3) groups="tuv=3" uv=(1 2) tag new
GMesh::string_update(s1, "new", "(1)") = sharp normal=(.1 .2 .3) groups="tuv=3" uv=(1 2) tag new=(1)
GMesh::string_update(s2, "normal", nullptr) = groups="tuv=3" sharp tag uv=(3 4)
GMesh::string_update(s2, "normal", "(0.0 0.1 0.2)") = normal=(0.0 0.1 0.2) groups="tuv=3" sharp tag uv=(3 4)
GMesh::string_update(s2, "uv", nullptr) = normal=(.4 .5 .6) groups="tuv=3" sharp tag
GMesh::string_update(s2, "uv", "") = normal=(.4 .5 .6) groups="tuv=3" sharp tag uv
GMesh::string_update(s2, "uv", "(5 6)") = normal=(.4 .5 .6) groups="tuv=3" sharp tag uv=(5 6)
GMesh::string_update(s2, "sharp", nullptr) = normal=(.4 .5 .6) groups="tuv=3" tag uv=(3 4)
GMesh::string_update(s2, "tag", nullptr) = normal=(.4 .5 .6) groups="tuv=3" sharp uv=(3 4)
GMesh::string_update(s2, "sharp", "") = normal=(.4 .5 .6) groups="tuv=3" sharp tag uv=(3 4)
GMesh::string_update(s3, "uv", "(3 4)") = uv=(3 4)
GMesh::string_update(s3, "uv", "") = uv
GMesh::string_update(s3, "sharp", "") = uv=(1 2) sharp
Mesh {
  Vertices (5) {
    1 : (0.5 1e+10 2e+10)
    3 : (2 3 4)
    4 : (5 6 7)
    5 : (0 0 0)
    7 : (1 2 3.5)
  } EndVertices
  Edges (7)
  Faces (3) {
    Face 1 { 1 3 4 }
    Face 2 { 4 3 7 }
    Face 8 { 7 3 5 }
  } EndFaces
} EndMesh
original
Vertex 1  0.5 1e+10 2e+10 {example vertex}
Vertex 3  2 3 4
Vertex 4  5 6 7
Vertex 5  0 0 0
Vertex 7  1 2 3.5
Face 1  1 3 4 {face 1}
Face 2  4 3 7 {color=(3,4,5)}
Face 8  7 3 5
Edge 3 4 {sharp}
renumbered
Vertex 1  0.5 1e+10 2e+10 {example vertex}
Vertex 2  2 3 4
Vertex 3  5 6 7
Vertex 4  0 0 0
Vertex 5  1 2 3.5
Face 1  1 2 3 {face 1}
Face 2  3 2 5 {color=(3,4,5)}
Face 3  5 2 4
Edge 2 3 {sharp}
i = 1
i = 2
i = 3
sum_destruct = 6
