do_ints
orig:
Graph: edges {
 edge (1, 4)
 edge (1, 6)
 edge (1, 7)
 edge (2, 3)
 edge (2, 6)
 edge (3, 2)
 edge (4, 1)
 edge (4, 5)
 edge (5, 4)
 edge (6, 1)
 edge (6, 2)
 edge (7, 1)
}  (cost=40)
2 at dist=0
3 at dist=1
6 at dist=4
1 at dist=9
4 at dist=12
5 at dist=13
7 at dist=15
graph_edge_stats(g, fdist()) = (12     )           1:6            av=3.3333333      sd=1.9694639
graph_num_components(g) = 1
symclosure:
Graph: edges {
 edge (1, 4)
 edge (1, 6)
 edge (1, 7)
 edge (2, 3)
 edge (2, 6)
 edge (3, 2)
 edge (4, 1)
 edge (4, 5)
 edge (5, 4)
 edge (6, 1)
 edge (6, 2)
 edge (7, 1)
}  (cost=40)
graph_mst: 7 vertices, 6/6 edges considered, 6 output
Graph: edges {
 edge (1, 4)
 edge (1, 6)
 edge (1, 7)
 edge (2, 3)
 edge (2, 6)
 edge (4, 5)
}  (cost=20)
graph_mst: 7 vertices, 7/7 edges considered, 6 output
Graph: edges {
 edge (1, 4)
 edge (1, 7)
 edge (2, 3)
 edge (2, 6)
 edge (4, 5)
 edge (5, 6)
}  (cost=16)
graph_num_components(g) = 2
graph_num_components(g) = 1
Graph: edges {
 edge (0, 1)
 edge (1, 2)
 edge (2, 3)
 edge (3, 4)
 edge (4, 5)
 edge (5, 6)
}  (cost=6)
do_points
GraphQuickEmst: had to do 4 approximate Emst's
Graph: edges {
 edge (0, 10)
 edge (1, 10)
 edge (1, 11)
 edge (2, 3)
 edge (2, 11)
 edge (2, 12)
 edge (3, 4)
 edge (4, 5)
 edge (5, 6)
 edge (6, 7)
 edge (7, 8)
 edge (8, 9)
 edge (12, 13)
 edge (13, 14)
 edge (14, 15)
 edge (15, 16)
 edge (16, 17)
 edge (17, 18)
 edge (18, 19)
}  (cost=62)
Graph: edges {
 edge (0, 1)
 edge (0, 2)
 edge (0, 10)
 edge (0, 11)
 edge (0, 12)
 edge (1, 0)
 edge (1, 2)
 edge (1, 10)
 edge (1, 11)
 edge (1, 12)
 edge (2, 1)
 edge (2, 3)
 edge (2, 11)
 edge (2, 12)
 edge (2, 13)
 edge (3, 2)
 edge (3, 4)
 edge (3, 11)
 edge (3, 12)
 edge (3, 13)
 edge (4, 3)
 edge (4, 5)
 edge (4, 12)
 edge (4, 13)
 edge (4, 14)
 edge (5, 3)
 edge (5, 4)
 edge (5, 6)
 edge (5, 14)
 edge (5, 15)
 edge (6, 4)
 edge (6, 5)
 edge (6, 7)
 edge (6, 8)
 edge (6, 15)
 edge (7, 5)
 edge (7, 6)
 edge (7, 8)
 edge (7, 9)
 edge (7, 16)
 edge (8, 5)
 edge (8, 6)
 edge (8, 7)
 edge (8, 9)
 edge (8, 17)
 edge (9, 6)
 edge (9, 7)
 edge (9, 8)
 edge (9, 17)
 edge (9, 18)
 edge (10, 0)
 edge (10, 1)
 edge (10, 2)
 edge (10, 11)
 edge (10, 12)
 edge (11, 0)
 edge (11, 1)
 edge (11, 2)
 edge (11, 10)
 edge (11, 12)
 edge (12, 1)
 edge (12, 2)
 edge (12, 3)
 edge (12, 11)
 edge (12, 13)
 edge (13, 2)
 edge (13, 3)
 edge (13, 4)
 edge (13, 12)
 edge (13, 14)
 edge (14, 3)
 edge (14, 4)
 edge (14, 5)
 edge (14, 13)
 edge (14, 15)
 edge (15, 5)
 edge (15, 13)
 edge (15, 14)
 edge (15, 16)
 edge (15, 17)
 edge (16, 6)
 edge (16, 14)
 edge (16, 15)
 edge (16, 17)
 edge (16, 18)
 edge (17, 7)
 edge (17, 15)
 edge (17, 16)
 edge (17, 18)
 edge (17, 19)
 edge (18, 8)
 edge (18, 15)
 edge (18, 16)
 edge (18, 17)
 edge (18, 19)
 edge (19, 8)
 edge (19, 9)
 edge (19, 16)
 edge (19, 17)
 edge (19, 18)
}  (cost=500)
# Summary of statistics:
# Sssncellsv:         (46     )           8:294          av=61.304348      sd=59.549744
# Sssnelemsv:         (46     )           3:14           av=8.5            sd=2.8343136
# Spspcelln:          (13     )           1:4            av=1.5384615      sd=0.96741792
