assertion warning: Should occur 11 times in line 364 of file ...
assertion warning: assertw(i < 0) in line 366 of file ...
assertion warning: Should occur 3 times in line 366 of file ...
assertion warning: A is chronologically earliest in line 368 of file ...
assertion warning: z is chronologically last in line 369 of file ...
ar = Array<int>(8) {
  0
  1
  2
  3
  4
  5
  6
  7
}
ar = Array<hh::Point>(8) {
  [0, 0, 0]
  [1, 0, 0]
  [2, 0, 0]
  [3, 0, 0]
  [4, 0, 0]
  [5, 0, 0]
  [6, 0, 0]
  [7, 0, 0]
}
1 = 1
p = [1, 2, 3]
v = [4, 5, 6]
p + v = [5, 7, 9]
2.f * v = [8, 10, 12]
1.f / 3.f = 0.333333
1.f / 3.f = 0.3333333432674408
1.f / 3.f=0.333333 string 4.f / 7.f=0.571429
1.f / 3.f=0.3333333432674408 string 4.f / 7.f=0.57142859697341919
~A()
~A()
quote_arg_for_sh(s1) = ab\"\!\'\'\"\"\'\&cdefg
quote_arg_for_sh(s2) = hh1\ \"a\'\ \|\ \&\ \"\ b.txt\"\ \"a\'\ b.txt\"\ \"a\'\ b.txt\"\ \&\~\!@\#\$\%\^\&\*\(\)\`\[\]\{\}\;:\,.\<\>/\?-_\=\\\+
37 29
s = 1
s = 2
s = 4
s = 8
s = 16
s = 32
s = 64
s = 128
s = 256
s = 512
s = 1024
s = 2048
s = 4096
s = 8192
s = 16384
s = 32768
s = 65536
s = 131072
s = 262144
s = 524288
s = 1048576
s = 2097152
s = 4194304
s = 8388608
s = 16777216
s = 33554432
s = 67108864
s = 134217728
s = 268435456
s = 536870912
first_of(0, 0, 2, 1) = 2
first_of(2) = 2
first_of(0) = 0
first_of(0, 2) = 2
first_of(2, 0) = 2
s0 = new literal\t string
s1 = line 1
line2
s2 = it indents ok
ar = Array<int>(5) {
  3
  2
  1
  4
  5
}
reverse(clone(ar)) = Array<int>(5) {
  5
  4
  1
  2
  3
}
ar = Array<int>(5) {
  3
  2
  1
  4
  5
}
reverse(ar) = Array<int>(5) {
  5
  4
  1
  2
  3
}
ar = Array<int>(5) {
  5
  4
  1
  2
  3
}
sort(clone(ar)) = Array<int>(5) {
  1
  2
  3
  4
  5
}
ar = Array<int>(5) {
  5
  4
  1
  2
  3
}
sort(ar) = Array<int>(5) {
  1
  2
  3
  4
  5
}
ar = Array<int>(5) {
  1
  2
  3
  4
  5
}
1
A default construct
A destruct
2
A default construct
A destruct
3
A default construct
A copy construct
A destruct
A destruct
4
A default construct
A move construct
A destruct
A destruct
5
A default construct
A copy construct
A destruct
A destruct
6
type_name<sum_type_t<float>>() = double
type_name<sum_type_t<double>>() = double
type_name<sum_type_t<signed char>>() = int64
type_name<sum_type_t<uchar>>() = unsigned int64
type_name<sum_type_t<uint8_t>>() = unsigned int64
type_name<sum_type_t<short>>() = int64
type_name<sum_type_t<ushort>>() = unsigned int64
type_name<sum_type_t<int>>() = int64
type_name<sum_type_t<unsigned>>() = unsigned int64
type_name<sum_type_t<char*>>() = char*
vsign=-1 type_name<decltype(vsign)>()=float
vsignz=-1 type_name<decltype(vsignz)>()=float
vsignd=-1 type_name<decltype(vsignd)>()=double
vsignzd=-1 type_name<decltype(vsignzd)>()=double
vsquare5 = 25
vclamped10 = 10
vclamped30 = 20
v5mod3 = 2
vint33 = 33
sizeof(buf[0]) = 1
sizeof(buf[0]) = 2
a = 16
b[0] = 2
b[1] = 4
n = 1
n = 2
n = 3
n = 4
n = 5
HH_NUM_ARGS(a, b, c, d, e, f) = 6
HH_NUM_ARGS(1) = 1
HH_NUM_ARGS(1, 2) = 2
HH_NUM_ARGS(1, 2, 3) = 3
HH_HAVE_GT1_ARGS(1) = 0
HH_HAVE_GT1_ARGS(1, 2) = 1
HH_HAVE_GT1_ARGS(1, 2, 3) = 1
a = 16
a=16 n=5 a=16
1=1 2=2 3=3 4=4 5=5
1=1 2=2 3=3 4=4 5=5 6=6
1=1 2=2 3=3 4=4 5=5 6=6 7=7
1=1 2=2 3=3 4=4 5=5 6=6 7=7 8=8
1=1 2=2 3=3 4=4 5=5 6=6 7=7 8=8 9=9 10=10 11=11 12=12
a=16 b[0]=2 b[1]=4 n=5 a=16 a=16 a=16
n=5 a=16 b[0]=2 b[1]=4 a=16 n=5
E(1, 2, 3) = 1, 2, 3
E(1) = 1
i=-2147483648 int(clamp_to_uint8(i))=0
i=-2147483647 int(clamp_to_uint8(i))=0
i=-257 int(clamp_to_uint8(i))=0
i=-256 int(clamp_to_uint8(i))=0
i=-255 int(clamp_to_uint8(i))=0
i=-1 int(clamp_to_uint8(i))=0
i=0 int(clamp_to_uint8(i))=0
i=1 int(clamp_to_uint8(i))=1
i=2 int(clamp_to_uint8(i))=2
i=127 int(clamp_to_uint8(i))=127
i=254 int(clamp_to_uint8(i))=254
i=255 int(clamp_to_uint8(i))=255
i=256 int(clamp_to_uint8(i))=255
i=257 int(clamp_to_uint8(i))=255
i=2147483647 int(clamp_to_uint8(i))=255
This is string1.
status 9 - 5=4
 9 - 3=6 string1 3 + 1=4  4 - 1=3

9 - 3 = 6
string

done
int(c1)=57 int(c2)=48 int(c3)=0 int(c4)=0
test func3
start s0
start s1
start s2
end s2
end s1
end s0
catch3 ex.what()=func2_err
test func4
default constructor
default constructor
default constructor
default constructor
end 
end 
end s2
end s1
catch4 ex.what()=func2_err
# Summary of warnings:
#      1 'A is chronologically earliest in line 368 of file ...
#     11 'Should occur 11 times in line 364 of file ...
#      3 'Should occur 3 times in line 366 of file ...
#      3 'assertw(i < 0) in line 366 of file ...
#      1 'z is chronologically last in line 369 of file ...
