p=[1, 2, 3] q=[8, 7, 6] v=[1, 2, 3] w=[1, 0, 1] y=[0, 1, 0]
Homogeneous(p) + Homogeneous(q) = [9, 9, 9, 2]
to_Point((Homogeneous(p) + Homogeneous(p) * 2.f + Homogeneous(p)) / 4.f) = [1, 2, 3]
to_Point((Homogeneous(p) + Homogeneous(p)) / 2.f) = [1, 2, 3]
to_Point((Homogeneous(p) * 2.f) / 2.f) = [1, 2, 3]
to_Point((Homogeneous(p) + Homogeneous(q)) / 2.f) = [4.5, 4.5, 4.5]
