lls.get_x_rc(0, 0) = 10
X1[0] = 0.5
X2[0] = 0.5
X1[0] = 0.5
X2[0] = 0.5
X1[0] = 0.5
X2[0] = 0.5
c = 0
round_fraction_digits(lls.get_x_rc(i, 0)) = -0.48276
round_fraction_digits(lls.get_x_rc(i, 0)) = 0.44828
round_fraction_digits(lls.get_x_rc(i, 0)) = 0
round_fraction_digits(lls.get_x_rc(i, 1)) = -0.96552
round_fraction_digits(lls.get_x_rc(i, 1)) = 0.89655
round_fraction_digits(lls.get_x_rc(i, 1)) = 0
c = 1
round_fraction_digits(lls.get_x_rc(i, 0)) = -0.48276
round_fraction_digits(lls.get_x_rc(i, 0)) = 0.44828
round_fraction_digits(lls.get_x_rc(i, 0)) = 0
round_fraction_digits(lls.get_x_rc(i, 1)) = -0.96552
round_fraction_digits(lls.get_x_rc(i, 1)) = 0.89655
round_fraction_digits(lls.get_x_rc(i, 1)) = 0
c = 2
round_fraction_digits(lls.get_x_rc(i, 0)) = -0.48276
round_fraction_digits(lls.get_x_rc(i, 0)) = 0.44828
round_fraction_digits(lls.get_x_rc(i, 0)) = 0
round_fraction_digits(lls.get_x_rc(i, 1)) = -0.96552
round_fraction_digits(lls.get_x_rc(i, 1)) = 0.89655
round_fraction_digits(lls.get_x_rc(i, 1)) = 0
c = 3
round_fraction_digits(lls.get_x_rc(i, 0)) = -0.48276
round_fraction_digits(lls.get_x_rc(i, 0)) = 0.44828
round_fraction_digits(lls.get_x_rc(i, 0)) = 0
round_fraction_digits(lls.get_x_rc(i, 1)) = -0.96552
round_fraction_digits(lls.get_x_rc(i, 1)) = 0.89655
round_fraction_digits(lls.get_x_rc(i, 1)) = 0
c = 4
round_fraction_digits(lls.get_x_rc(i, 0)) = -0.48276
round_fraction_digits(lls.get_x_rc(i, 0)) = 0.44828
round_fraction_digits(lls.get_x_rc(i, 0)) = 0
round_fraction_digits(lls.get_x_rc(i, 1)) = -0.96552
round_fraction_digits(lls.get_x_rc(i, 1)) = 0.89655
round_fraction_digits(lls.get_x_rc(i, 1)) = 0
c = 5
round_fraction_digits(lls.get_x_rc(i, 0)) = -0.48276
round_fraction_digits(lls.get_x_rc(i, 0)) = 0.44828
round_fraction_digits(lls.get_x_rc(i, 0)) = 0
round_fraction_digits(lls.get_x_rc(i, 1)) = -0.96552
round_fraction_digits(lls.get_x_rc(i, 1)) = 0.89655
round_fraction_digits(lls.get_x_rc(i, 1)) = 0
c = 0
lls.get_x_rc(0, 0) = 15
c = 1
lls.get_x_rc(0, 0) = 15
c = 2
lls.get_x_rc(0, 0) = 15
c = 3
lls.get_x_rc(0, 0) = 15
c = 4
lls.get_x_rc(0, 0) = 15
c = 5
lls.get_x_rc(0, 0) = 15
c = 0
round_fraction_digits(lls.get_x_rc(0, 0)) = 0.66667
round_fraction_digits(lls.get_x_rc(1, 0)) = 10.6667
c = 1
round_fraction_digits(lls.get_x_rc(0, 0)) = 0.66667
round_fraction_digits(lls.get_x_rc(1, 0)) = 10.6667
c = 2
round_fraction_digits(lls.get_x_rc(0, 0)) = 0.66667
round_fraction_digits(lls.get_x_rc(1, 0)) = 10.6667
c = 3
round_fraction_digits(lls.get_x_rc(0, 0)) = 0.66667
round_fraction_digits(lls.get_x_rc(1, 0)) = 10.6667
c = 4
round_fraction_digits(lls.get_x_rc(0, 0)) = 0.66667
round_fraction_digits(lls.get_x_rc(1, 0)) = 10.6667
c = 5
round_fraction_digits(lls.get_x_rc(0, 0)) = 0.66667
round_fraction_digits(lls.get_x_rc(1, 0)) = 10.6667
