Array<unique_ptr>
ar.num() = 3
A(0)
A(1)
A(2)
made
A(3)
ar.num() = 4
A(0)
ar.num() = 5
ar.num() = 5
ar.num() = 2
~A(0)
~A(3)
~A(2)
ar.num() = 2
~A(0)
after 0 reset
~A(1)
ar.num() = 0
Matrix<unique_ptr>
made
A(0)
A(1)
A(10)
A(11)
A(20)
A(21)
made some
A(66)
~A(10)
made one more
~A(21)
~A(20)
~A(11)
~A(66)
~A(1)
~A(0)
cleared
array1 = Array<float>(3) {
  3
  1
  3
}
array2 = Array<float>(3) {
  6
  5
  5
}
array1 + array2 = Array<float>(3) {
  9
  6
  8
}
array2 - array1 = Array<float>(3) {
  3
  4
  2
}
array1 * array2 = Array<float>(3) {
  18
  5
  15
}
dot(array1, array2) = 38
mag2(array1) = 19
array2 = Array<float>(3) {
  36
  15
  35
}
min(array2) = 15
max(array2) = 36
sum(array2) = 86
mean(array2) = 28.6667
matrix1 = Matrix<hh::Vec<float,2>>(3, 3) {
  [1, 2] [1, 2] [1, 2]
  [4, 3] [1, 2] [1, 2]
  [1, 2] [1, 2] [1, 2]
}
matrix2 = Matrix<hh::Vec<float,2>>(3, 3) {
  [4, 3] [4, 3] [4, 3]
  [4, 3] [4, 3] [4, 3]
  [4, 3] [5, 5] [4, 3]
}
matrix1 + matrix2 = Matrix<hh::Vec<float,2>>(3, 3) {
  [5, 5] [5, 5] [5, 5]
  [8, 6] [5, 5] [5, 5]
  [5, 5] [6, 7] [5, 5]
}
matrix3 = Matrix<float>(3, 3) {
  2 2 2
  4 2 2
  2 2 2
}
matrix4 = Matrix<float>(3, 3) {
  5 5 5
  5 5 5
  5 7 5
}
matrix3 + matrix4 = Matrix<float>(3, 3) {
  7 7 7
  9 7 7
  7 9 7
}
matrix3 = Matrix<float>(3, 3) {
  2 2 2
  4 2 2
  2 2 2
}
matrix4 = Matrix<float>(3, 3) {
  5 5 5
  5 5 5
  5 7 5
}
f = 5
f = 5
f = 5
f = 5
f = 5
f = 5
f = 5
f = 7
f = 5
2.f * matrix3 = Matrix<float>(3, 3) {
  4 4 4
  8 4 4
  4 4 4
}
2.f * matrix3 + 3.f * matrix4 = Matrix<float>(3, 3) {
  19 19 19
  23 19 19
  19 25 19
}
mag2(matrix3) = 48
mat_mul(matrix3, matrix4) = Matrix<float>(3, 3) {
  30 34 30
  40 44 40
  30 34 30
}
v1 = Array<float>(4) {
  1
  2
  3
  4
}
v2 = Array<float>(4) {
  8
  7
  6
  5
}
m = Matrix<float>(4, 4) {
  1 2 3 4
  8 7 6 5
  1 2 3 4
  8 7 6 5
}
v1 = Array<float>(4) {
  1
  2
  3
  4
}
v3a = Array<float>(4) {
  1
  2
  3
  4
}
v3b = Array<float>(4) {
  1
  2
  3
  4
}
v3 = Array<float>(4) {
  1
  2
  3
  4
}
v4 = Array<float>(4) {
  1
  2
  3
  4
}
mat_mul(v3, m) = Array<float>(4) {
  52
  50
  48
  46
}
v3 = Array<float>(4) {
  52
  50
  48
  46
}
v5 = Array<float>(4) {
  52
  50
  48
  46
}
m = Matrix<float>(4, 4) {
  1 2 3 4
  8 7 6 5
  7 2 3 4
  8 7 6 11
}
min(m) = 1
max(m) = 11
sum(m) = 84
mean(m) = 5.25
mean(m) = Vector4(10, 10, 10, 10)
mean(mn) = Vector4(10, 10, 10, 10)
mean(mn) = Vector4(10, 10, 10, 10)
