poly = Polygon(3) = { [1, 2, 3] [4, 5, 6] [8, 8, 10] }
poly = Polygon(4) = { [1, 2, 3] [4, 5, 6] [8, 8, 10] [7, 7, 7] }
poly.get_normal() = [-0.481543, 0.842701, -0.240772]
poly.intersect_line(Point(.2f, .2f, 1.f), Vector(0.f, 0.f, 1.f), pint) = 1
pint = [0.2, 0.2, 0]
poly.intersect_line(Point(.7f, .7f, 1.f), Vector(0.f, 0.f, 1.f), pint) = 0
pint = [0.7, 0.7, 0]
poly.intersect_line(Point(0.f, 0.f, 1.f), Vector(.1f, .3f, -1.f), pint) = 1
pint = [0.1, 0.3, 0]
poly.intersect_line(Point(0.f, 0.f, 0.f), Vector(0.f, 0.f, 1.f), pint) = 0
pint = [0, 0, 0]
poly.intersect_line(Point(0.f, .5f, 0.f), Vector(0.f, 0.f, 1.f), pint) = 0
pint = [0, 0.5, 0]
1.000000 1.000000 1.000000
1.000000 5.000000 2.000000
2.000000 2.000000 7.000100
