poly = Polygon(3) = { [1, 2, 3] [4, 5, 6] [8, 8, 10] }
poly = Polygon(4) = { [1, 2, 3] [4, 5, 6] [8, 8, 10] [7, 7, 7] }
poly.get_normal() = [-0.481543, 0.842701, -0.240772]
p=[0.2, 0.2, 1] v=[0, 0, 1] bool(pint)=1
*pint = [0.2, 0.2, 0]
p=[0.7, 0.7, 1] v=[0, 0, 1] bool(pint)=0
p=[0, 0, 1] v=[0.1, 0.3, -1] bool(pint)=1
*pint = [0.1, 0.3, 0]
p=[0, 0, 0] v=[0, 0, 1] bool(pint)=0
p=[0, 0.5, 0] v=[0, 0, 1] bool(pint)=0
1.000000 1.000000 1.000000
1.000000 5.000000 2.000000
2.000000 2.000000 7.000100
sq.get_normal_dir()=[0, 0, 8] sq.get_normal()=[0, 0, 1] sq.get_area()=4
ls.get_normal_dir()=[0, 0, 10] ls.get_normal()=[0, 0, 1] ls.get_area()=5
sq.get_planec(sq.get_normal())=0 ls.get_planec(ls.get_normal())=1
ls.get_tolerance(ls.get_normal(), 1.f)=0 ls.get_tolerance(ls.get_normal(), 1.5f)=0.5
mean(ls) = [1.33333, 1.33333, 1]
degenerate.get_normal()=[0, 0, 0] degenerate.get_area()=0
transformed(skew_nor, rounded) = [-0.4082, -0.4082, 0.8165]
num_inside = 80
side_nor = [1, 0, 0]
poly = Polygon(4) = { [1, 0, 0] [2, 0, 0] [2, 2, 0] [1, 2, 0] }
poly.num()=5 rounded(poly.get_area())=2
poly.num() = 0
ls = Polygon(6) = { [0, 0, 1] [2, 0, 1] [2, 1, 1] [1, 1, 1] [1, 3, 1] [0, 3, 1] }
poly = Polygon(4) = { [1, 1.5, 0] [1, 0, 0] [2, 0, 0] [2, 1.5, 0] }
poly2.num() = 0
ls.intersect_segment(Point(.5f, 2.f, 0.f), Point(.5f, 2.f, 2.f)).value() = [0.5, 2, 1]
ls.intersect_line(Point(2.5f, .5f, 5.f), Vector(0.f, 0.f, 1.f)).value() = [2.5, 0.5, 1]
intersect_plane_segment(Vector(0.f, 1.f, 0.f), 1.f, Point(0.f, 0.f, 0.f), Point(2.f, 4.f, 0.f)).value() = [0.5, 1, 0]
pa = Array<hh::Point>(2) {
  [0.5, 0, 1]
  [0.5, 3, 1]
}
pa = Array<hh::Point>(2) {
  [0, 0.5, 1]
  [3, 0.5, 1]
}
pa.num() = 0
pa.num() = 0
intersect_poly_poly(horiz, vert) = Array<hh::Point>(2) {
  [1, 0, 0]
  [1, 2, 0]
}
intersect_poly_poly(vert, horiz) = Array<hh::Point>(2) {
  [1, 0, 0]
  [1, 2, 0]
}
intersect_poly_poly(l_shape(), vert2) = Array<hh::Point>(4) {
  [0, 2.5, 1]
  [1, 1.5, 1]
  [1.5, 1, 1]
  [2.5, 0, 1]
}
intersect_poly_poly(l_shape(), vert4) = Array<hh::Point>(2) {
  [0, 0, 1]
  [1, 1, 1]
}
intersect_poly_poly(l_shape(), vert3) = Array<hh::Point>(2) {
  [0, 2.5, 1]
  [1, 2.5, 1]
}
intersect_poly_poly(horiz, far).num() = 0
orthogonal_vector(Vector(1.f, 2.f, 3.f)) = [0, 3, -2]
upoly->get_area() = 4
