mag2(ar1) = 104594
square(rms(ar1))*ar1.num() = 104594
mag(ar2) = 8.83176
sqrt(var(ar1)) = 116.428
dist2(ar1, ar2) = 104516
dist(ar1, ar2) = 323.289
dot(ar1, ar2) = 78
int(min(ar1)) = 2
int(max(ar1)) = 254
sum(ar1) = 470
sum(ar2) = 16
product(ar1) = 8534400
product(ar2) = 0
compare(ar1, ar2) = 1
compare(ar2, ar1) = -1
compare(ar1, ar1) = 0
compare(ar2, ar2) = 0
ar1==ar2 = 0
ar2==ar1 = 0
ar1==ar1 = 1
ar2==ar2 = 1
is_zero(ar1) = 0
is_zero(ar1-ar1) = 1
count(ar2, 0) = 2
count(ar2, 3) = 1
count(ar2, 99) = 0
count_if(ar2, func_gt5) = 1
ar1 = Array<float>(5) {
  2.7
  -3.3
  5.2
  -6.2
  0
}
normalize(clone(ar1)) = Array<float>(5) {
  0.297026
  -0.363032
  0.56105
  -0.68206
  0
}
mag(normalize(clone(ar1))) = 1
sort(clone(ar1)) = Array<float>(5) {
  -6.2
  -3.3
  0
  2.7
  5.1
}
reverse(sort(clone(ar1))) = Array<float>(5) {
  5.1
  2.7
  0
  -3.3
  -6.2
}
max_abs_element(ar1) = 6.2
sum(ar1) = -1.7
compare(ar1, ar2) = -1
compare(ar2, ar1) = 1
compare(ar1, ar1) = 0
compare(ar2, ar2) = 0
ar1==ar2 = 0
ar2==ar1 = 0
ar1==ar1 = 1
ar2==ar2 = 1
compare(ar1, ar2, tol) = 0
compare(ar2, ar1, tol) = 0
compare(ar1, ar1, tol) = 0
compare(ar2, ar2, tol) = 0
mean(ar) = 12.5
details::has_begin<Array<float>>::value ? 1 : 0 = 1
details::has_begin<std::fstream>::value ? 1 : 0 = 0
!!details::has_begin<S>::value = 0
type_name<mean_type_t<float>>() = double
type_name<mean_type_t<double>>() = double
type_name<mean_type_t<char>>() = float
type_name<mean_type_t<uchar>>() = float
type_name<mean_type_t<short>>() = float
type_name<mean_type_t<ushort>>() = float
type_name<mean_type_t<int>>() = double
type_name<mean_type_t<unsigned>>() = double
type_name<mean_type_t<char*>>() = char*
ar = Array<float>(5) {
  5.1
  -6.2
  0
  2.7
  -3.3
}
ar = Array<float>(5) {
  5.1
  -6.2
  0
  2.7
  -3.3
}
