s1.short_string() = (5      )          -1:10           av=4.6            sd=4.4497191
s1.short_string() = (7      )          -1:12           av=6.5714286      sd=4.9617585
s1 = (14     )          -1:12           av=6.5714286      sd=4.7671034
s2 = Stat_test:          (3      )           1:6            av=4              sd=2.6457513
end
# Stat_test:          (3      )           1:6            av=4              sd=2.6457513
# (14     )          -1:12           av=6.5714286      sd=4.7671034
before Stot
# Svar:               (100    )           0:99           av=49.5           sd=29.011492
# Ssquare:            (100    )           0:99           av=49.5           sd=29.011492
ArView(values) = Array<float>(5) {
  2
  4
  4
  5
  4
}
v = 2
v = 4
v = 4
v = 5
v = 4
# Svalues:            (5      )           2:5            av=3.8            sd=1.0954451
v = 2
v = 4
v = 4
v = 5
v = 4
# Svalues:            (5      )           2:5            av=3.8            sd=1.0954451
# Svalues2:           (5      )           2:5            av=3.8            sd=1.0954451
Stat(V(1., 4., 5., 6.)).short_string() = (4      )           1:6            av=4              sd=2.1602469
Stat(V(1., 4., 5., 6.)).sdv() = 2.16025
# Summary of statistics:
# Stot:               (1      )           0:0            av=0              sd=0
