args.get_string() = string
args.get_int() = 3
****
ArView(argv, argc) = Array<const char*>(1) {
  tArgs
}
optsparse=1 ar_unrecog=Array<std::string>(1) {
  tArgs
}

flag=0 flap=0 flac=0 val1=0 val2=0
fa[0]=0 fa[1]=0
fb[0]=0 fb[1]=0
fc[0]=0 fc[1]=0
****
ArView(argv, argc) = Array<const char*>(2) {
  tArgs
  -?
}
tArgs Options:
 -?                           : print available options
 -flag                        : enable flag
 -flap                        : turn on the flaps
 -flac                        : send out flacs
 -val1 f                      : set value1 coefficient                               [0]
 -val2 i                      : comment                                              [0]
 -farr f1 f2                  : sets two element array                               [0. 0.]
                              :
 -fb a b                      : set variables                                        [0. 0.]
 -fc c1 c2                    : set the fc variables                                 [0. 0.]
 -show1p1                     : comment
optsparse=0 ar_unrecog=Array<std::string>(2) {
  tArgs
  -?
}

flag=0 flap=0 flac=0 val1=0 val2=0
fa[0]=0 fa[1]=0
fb[0]=0 fb[1]=0
fc[0]=0 fc[1]=0
****
ArView(argv, argc) = Array<const char*>(9) {
  tArgs
  -unkflag
  u1
  u2
  e.a3d
  e2.a3d
  -flag
  -val1
  3
}
optsparse=1 ar_unrecog=Array<std::string>(6) {
  tArgs
  -unkflag
  u1
  u2
  e.a3d
  e2.a3d
}

flag=1 flap=0 flac=0 val1=3 val2=0
fa[0]=0 fa[1]=0
fb[0]=0 fb[1]=0
fc[0]=0 fc[1]=0
****
ArView(argv, argc) = Array<const char*>(8) {
  tArgs
  -farc
  2
  3
  -val2
  234
  e.av
  -flac
}
optsparse=1 ar_unrecog=Array<std::string>(5) {
  tArgs
  -farc
  2
  3
  e.av
}

flag=0 flap=0 flac=1 val1=0 val2=234
fa[0]=0 fa[1]=0
fb[0]=0 fb[1]=0
fc[0]=0 fc[1]=0
****
ArView(argv, argc) = Array<const char*>(3) {
  tArgs
  -flap
  -flag
}
optsparse=1 ar_unrecog=Array<std::string>(1) {
  tArgs
}

flag=1 flap=1 flac=0 val1=0 val2=0
fa[0]=0 fa[1]=0
fb[0]=0 fb[1]=0
fc[0]=0 fc[1]=0
****
ArView(argv, argc) = Array<const char*>(2) {
  tArgs
  -show1p1
}
1+1 = 2
optsparse=1 ar_unrecog=Array<std::string>(1) {
  tArgs
}

flag=0 flap=0 flac=0 val1=0 val2=0
fa[0]=0 fa[1]=0
fb[0]=0 fb[1]=0
fc[0]=0 fc[1]=0
******
****
ArView(argv, argc) = Array<const char*>(18) {
  tArgs
  file
  file.vlp
  -flag
  -showar
  0
  -showar
  1
  -ar
  1
  2
  file2
  file2.vlp
  -showar
  0
  -showar
  1
  file.png
}
reading file args.get_filename()=file ar=[0, 0]
reading vlp args.get_filename()=file.vlp ar=[0, 0]
showar i=0 ar[i]=0
showar i=1 ar[i]=0
reading file args.get_filename()=file2 ar=[1, 2]
reading vlp args.get_filename()=file2.vlp ar=[1, 2]
showar i=0 ar[i]=1
showar i=1 ar[i]=2
reading file args.get_filename()=file.png ar=[1, 2]
optsparse = 1
flag2=1 ar=[1, 2]
****
ArView(argv, argc) = Array<const char*>(6) {
  tArgs
  file
  file.vlp
  -unknown.string
  -showar
  0
}
reading file args.get_filename()=file ar=[0, 0]
reading vlp args.get_filename()=file.vlp ar=[0, 0]
tArgs : ParseArgs error : option not recognized at '-unknown.string'.
(Use 'tArgs -?' to view options.)
****
ArView(argv, argc) = Array<const char*>(7) {
  tArgs
  file
  --
  file.vlp
  -unknown.string
  -showar
  0
}
reading file args.get_filename()=file ar=[0, 0]
reading vlp args.get_filename()=file.vlp ar=[0, 0]
string args.get_string()=-unknown.string ar=[0, 0]
tArgs : ParseArgs error : invalid filename when parsing option '-showar' (interpreted as '*').
(Use 'tArgs -?' to view options.)
****
ArView(argv, argc) = Array<const char*>(6) {
  tArgs
  file
  --
  file.vlp
  -unknown.string
  file2
}
reading file args.get_filename()=file ar=[0, 0]
reading vlp args.get_filename()=file.vlp ar=[0, 0]
string args.get_string()=-unknown.string ar=[0, 0]
reading file args.get_filename()=file2 ar=[0, 0]
optsparse = 1
flag2=0 ar=[0, 0]
