partition of axis 0 along 0.5 <<
>>
 partition of axis 0 along 0.25 <<
 >>
  partition of axis 0 along 0.125 <<
  1
  >>
   <nil>
   <nil>
  <nil>
 <nil>

partition of axis 0 along 0.5 <<
>>
 partition of axis 0 along 0.25 <<
 >>
  partition of axis 0 along 0.125 <<
  1
  >>
   <nil>
   <nil>
  <nil>
 partition of axis 0 along 0.75 <<
 2
 >>
  <nil>
  <nil>

partition of axis 0 along 0.5 <<
>>
 partition of axis 0 along 0.25 <<
 >>
  partition of axis 0 along 0.125 <<
  1
  >>
   <nil>
   <nil>
  <nil>
 partition of axis 0 along 0.75 <<
 3
 2
 >>
  <nil>
  <nil>

partition of axis 0 along 0.5 <<
4
>>
 partition of axis 0 along 0.25 <<
 >>
  partition of axis 0 along 0.125 <<
  1
  >>
   <nil>
   <nil>
  <nil>
 partition of axis 0 along 0.75 <<
 3
 2
 >>
  <nil>
  <nil>

partition of axis 0 along 0.5 <<
4
>>
 partition of axis 0 along 0.25 <<
 >>
  partition of axis 0 along 0.125 <<
  1
  >>
   <nil>
   <nil>
  partition of axis 0 along 0.375 <<
  5
  >>
   <nil>
   <nil>
 partition of axis 0 along 0.75 <<
 3
 2
 >>
  <nil>
  <nil>

found index 5
found index 1

found index 4
found index 3


partition of axis 0 along 0.5 <<
>>
 partition of axis 1 along 0.5 <<
 >>
  <nil>
  partition of axis 0 along 0.25 <<
  >>
   partition of axis 1 along 0.75 <<
   >>
    partition of axis 0 along 0.125 <<
    6
    >>
     <nil>
     <nil>
    <nil>
   <nil>
 <nil>

partition of axis 0 along 0.5 <<
>>
 partition of axis 1 along 0.5 <<
 >>
  <nil>
  partition of axis 0 along 0.25 <<
  >>
   partition of axis 1 along 0.75 <<
   >>
    partition of axis 0 along 0.125 <<
    6
    >>
     <nil>
     <nil>
    <nil>
   <nil>
 partition of axis 1 along 0.5 <<
 7
 >>
  <nil>
  <nil>

partition of axis 0 along 0.5 <<
8
>>
 partition of axis 1 along 0.5 <<
 >>
  <nil>
  partition of axis 0 along 0.25 <<
  >>
   partition of axis 1 along 0.75 <<
   >>
    partition of axis 0 along 0.125 <<
    6
    >>
     <nil>
     <nil>
    <nil>
   <nil>
 partition of axis 1 along 0.5 <<
 7
 >>
  <nil>
  <nil>

partition of axis 0 along 0.5 <<
8
>>
 partition of axis 1 along 0.5 <<
 >>
  partition of axis 0 along 0.25 <<
  >>
   <nil>
   partition of axis 1 along 0.25 <<
   >>
    <nil>
    partition of axis 0 along 0.375 <<
    >>
     <nil>
     partition of axis 1 along 0.375 <<
     >>
      partition of axis 0 along 0.4375 <<
      >>
       partition of axis 1 along 0.3125 <<
       >>
        <nil>
        partition of axis 0 along 0.40625 <<
        9
        >>
         <nil>
         <nil>
       <nil>
      <nil>
  partition of axis 0 along 0.25 <<
  >>
   partition of axis 1 along 0.75 <<
   >>
    partition of axis 0 along 0.125 <<
    6
    >>
     <nil>
     <nil>
    <nil>
   <nil>
 partition of axis 1 along 0.5 <<
 7
 >>
  <nil>
  <nil>

