beg
ST(4)
end
~ST(4)
beg
ST(4)
ST(5)
end
~ST(5)
~ST(4)
beg
ST(4)
ST(5)
ST(6)
e->_i = 4
e->_i = 5
e->_i = 6
end
~ST(6)
~ST(5)
~ST(4)
beg
ST(0)
ST(1)
ST(2)
ST(3)
ST(4)
ST(5)
ST(6)
ST(7)
ST(8)
ST(9)
ST(10)
ST(11)
ST(12)
ST(13)
ST(14)
ST(15)
ST(16)
ST(17)
ST(18)
ST(19)
end
~ST(19)
~ST(18)
~ST(17)
~ST(16)
~ST(15)
~ST(14)
~ST(13)
~ST(12)
~ST(11)
~ST(10)
~ST(9)
~ST(8)
~ST(7)
~ST(6)
~ST(5)
~ST(4)
~ST(3)
~ST(2)
~ST(1)
~ST(0)
beg
ST(100)
ST(101)
end
~ST(101)
~ST(100)
beg
ST(500)
ST(501)
ar[0]->_i = 500
ST(600)
ST(601)
ST(602)
end
~ST(602)
~ST(601)
~ST(600)
~ST(501)
~ST(500)
beg
ST(100)
ST(101)
ST(102)
mid
ST(200)
ST(201)
~ST(102)
~ST(101)
~ST(100)
end
~ST(201)
~ST(200)
beg
ST(100)
ST(101)
ST(102)
mid
ST(200)
ST(201)
ST(202)
~ST(102)
~ST(101)
~ST(100)
end
~ST(202)
~ST(201)
~ST(200)
ar1 = Array<int>(0) {
}
ar1 = Array<int>(3) {
  7
  6
  5
}
ar1 = Array<int>(5) {
  7
  6
  5
  4
  3
}
map(ar1, func) = Array<float>(5) {
  10.5
  9
  7.5
  6
  4.5
}
ar2 = Array<int>(2) {
  11
  12
}
after swap
ar1 = Array<int>(2) {
  11
  12
}
ar2 = Array<int>(5) {
  7
  6
  5
  4
  3
}
after swap back
ar1 = Array<int>(5) {
  7
  6
  5
  4
  3
}
ar2 = Array<int>(2) {
  11
  12
}
ar2 = Array<int>(5) {
  11
  12
  13
  14
  15
}
after swap
ar1 = Array<int>(5) {
  11
  12
  13
  14
  15
}
ar2 = Array<int>(5) {
  7
  6
  5
  4
  3
}
after swap back
ar1 = Array<int>(5) {
  7
  6
  5
  4
  3
}
ar2 = Array<int>(5) {
  11
  12
  13
  14
  15
}
ar1 = Array<int>(2) {
  4
  3
}
ar2 = Array<int>(2) {
  14
  15
}
after swap
ar1 = Array<int>(2) {
  14
  15
}
ar2 = Array<int>(2) {
  4
  3
}
after swap back
ar1 = Array<int>(2) {
  4
  3
}
ar2 = Array<int>(2) {
  14
  15
}
