%!PS-Adobe-2.0 EPSF-1.2
%%Orientation: Portrait
%%DocumentFonts:
%%Creator: hps
%%CreationDate: yyyy-mm-dd hh:mm:ss
%%For: hhoppe
%%LanguageLevel: 1
%%Pages: 1
%%BoundingBox: 20 112 582 674
%%EndComments
%%BeginPreview: 16 16 1 16
% FFFF
% 8001
% 8001
% 8001
% 8001
% 8001
% 8001
% 8001
% 8001
% 8001
% 8001
% 8001
% 8001
% 8001
% 8001
% FFFF
%%EndPreview
%%BeginProlog
%%EndProlog
%%Page: 1 1
%%BeginPageSetup
15 dict begin
/pagelevel save def
% Setup CTM
[0.01872 0  0 0.01872  20 112.2] concat
%%EndPageSetup
% hps.c created from Postscript.h in libHh
% Initialize procedures
/m { moveto } bind def
/l { lineto } bind def
/s { stroke } bind def
/p { wpoint 0.5 mul  0 360 arc  fill } bind def

% Setup variables
/wborder 20 def
/wline 20 def
/wpoint 80 def
/drawborder false def

% Begin drawing
newpath
1 setlinecap
1 setlinejoin
drawborder {
  wborder setlinewidth
  0 0 moveto 0 30000 lineto 30000 30000 lineto 30000 0 lineto 
  closepath stroke
} if

newpath
wpoint setlinewidth
6001 3001 p
9001 3001 p
12001 3601 p
wline setlinewidth
18000 6001 m
18000 18000 l
s
18000 6001 m
24000 6001 l
24000 6901 l
23100 6901 l
s
1 4126 m
8064 1 l
s
wpoint setlinewidth
12001 4501 p

pagelevel restore
end
showpage

%%Trailer
%TightBoundingBox: 20 112  469 449
