grid.dims() = [2, 3, 4]
grid.dim(2) = 4
grid_dims = [2, 3, 4]
dim2 = 4
grid.size() = 24
grid.raster(11) = 23
grid = Grid<int>(2, 3, 4) {
  [0, 0, 0] = 0
  [0, 0, 1] = 0
  [0, 0, 2] = 0
  [0, 0, 3] = 0
  [0, 1, 0] = 0
  [0, 1, 1] = 0
  [0, 1, 2] = 0
  [0, 1, 3] = 0
  [0, 2, 0] = 0
  [0, 2, 1] = 0
  [0, 2, 2] = 0
  [0, 2, 3] = 23
  [1, 0, 0] = 0
  [1, 0, 1] = 0
  [1, 0, 2] = 0
  [1, 0, 3] = 103
  [1, 1, 0] = 0
  [1, 1, 1] = 0
  [1, 1, 2] = 0
  [1, 1, 3] = 0
  [1, 2, 0] = 0
  [1, 2, 1] = 0
  [1, 2, 2] = 0
  [1, 2, 3] = 0
}
grid[1] = [[0, 0, 0, 103], [0, 0, 0, 0], [0, 0, 0, 0]]
grid[1][0] = [0, 0, 0, 103]
grid[1][0][3] = 103
(grid[{1, 0, 3}]) = 103
grid = Grid<int>(2, 3, 4) {
  [0, 0, 0] = 0
  [0, 0, 1] = 0
  [0, 0, 2] = 0
  [0, 0, 3] = 0
  [0, 1, 0] = 0
  [0, 1, 1] = 0
  [0, 1, 2] = 0
  [0, 1, 3] = 0
  [0, 2, 0] = 0
  [0, 2, 1] = 0
  [0, 2, 2] = 0
  [0, 2, 3] = 23
  [1, 0, 0] = 0
  [1, 0, 1] = 0
  [1, 0, 2] = 0
  [1, 0, 3] = 103
  [1, 1, 0] = 0
  [1, 1, 1] = 0
  [1, 1, 2] = 0
  [1, 1, 3] = 0
  [1, 2, 0] = 12
  [1, 2, 1] = 12
  [1, 2, 2] = 12
  [1, 2, 3] = 12
}
grid==grid = 1
grid = Grid<int>(2, 3, 4) {
  [0, 0, 0] = 0
  [0, 0, 1] = 1
  [0, 0, 2] = 2
  [0, 0, 3] = 3
  [0, 1, 0] = 4
  [0, 1, 1] = 5
  [0, 1, 2] = 6
  [0, 1, 3] = 7
  [0, 2, 0] = 8
  [0, 2, 1] = 9
  [0, 2, 2] = 10
  [0, 2, 3] = 11
  [1, 0, 0] = 12
  [1, 0, 1] = 13
  [1, 0, 2] = 14
  [1, 0, 3] = 15
  [1, 1, 0] = 16
  [1, 1, 1] = 17
  [1, 1, 2] = 18
  [1, 1, 3] = 19
  [1, 2, 0] = 20
  [1, 2, 1] = 21
  [1, 2, 2] = 22
  [1, 2, 3] = 23
}
grid32 = Matrix<int>(3, 2) {
  20 21
  22 23
  24 25
}
grid32.segment<2>(0) = Matrix<int>(2, 2) {
  20 21
  22 23
}
grid32.segment<2>(1) = Matrix<int>(2, 2) {
  22 23
  24 25
}
grid32.segment<1>(1) = Matrix<int>(1, 2) {
  22 23
}
grid32 = Matrix<int>(3, 2) {
  10 11
  12 13
  14 15
}
grid32b = Matrix<int>(3, 2) {
  20 21
  22 23
  24 25
}
grid32 = Matrix<int>(3, 2) {
  20 21
  22 23
  24 25
}
grid32 = Matrix<int>(3, 2) {
  0 1
  2 3
  4 5
}
gridn = Matrix<int>(3, 2) {
  0 1
  2 3
  4 5
}
gridn = Matrix<int>(3, 2) {
  0 1
  2 3
  4 5
}
grid32 = Matrix<int>(3, 2) {
  20 21
  22 23
  24 25
}
grid32 = Matrix<int>(3, 2) {
  20 21
  22 23
  24 25
}
sizeof(Vec<int,0>) = 1
sizeof(SGrid<int,0>) = 1
sizeof(SGrid<int,1>) = 4
sizeof(SGrid<int,2>) = 8
sizeof(SGrid<int,3>) = 12
sizeof(SGrid<int, 0, 0>) = 1
sizeof(SGrid<int, 0, 1>) = 1
sizeof(SGrid<int, 1, 0>) = 1
sizeof(SGrid<int, 1, 1>) = 4
sizeof(SGrid<int, 1, 2>) = 8
sizeof(SGrid<int, 2, 1>) = 8
sizeof(SGrid<int, 2, 2>) = 16
sizeof(SGrid<int, 1, 1, 1>) = 4
sizeof(SGrid<int, 2, 1, 1>) = 8
sizeof(SGrid<int, 1, 2, 1>) = 8
sizeof(SGrid<int, 1, 1, 2>) = 8
sizeof(SGrid<int, 3, 1, 1>) = 12
sizeof(SGrid<int, 1, 3, 1>) = 12
sizeof(SGrid<int, 1, 1, 3>) = 12
sizeof(S) = 4
sizeof(S) = 8
sizeof(S) = 4
sizeof(S) = 8
sizeof(Vec<uchar,0>) = 1
sizeof(SGrid<uchar,0>) = 1
sizeof(SGrid<uchar,1>) = 1
sizeof(SGrid<uchar,2>) = 2
sizeof(SGrid<uchar,3>) = 3
sizeof(SGrid<uchar, 0, 0>) = 1
sizeof(SGrid<uchar, 0, 1>) = 1
sizeof(SGrid<uchar, 1, 0>) = 1
sizeof(SGrid<uchar, 1, 1>) = 1
sizeof(SGrid<uchar, 1, 2>) = 2
sizeof(SGrid<uchar, 2, 1>) = 2
sizeof(SGrid<uchar, 2, 2>) = 4
sizeof(SGrid<uchar, 1, 1, 1>) = 1
sizeof(SGrid<uchar, 2, 1, 1>) = 2
sizeof(SGrid<uchar, 1, 2, 1>) = 2
sizeof(SGrid<uchar, 1, 1, 2>) = 2
sizeof(SGrid<uchar, 3, 1, 1>) = 3
sizeof(SGrid<uchar, 1, 3, 1>) = 3
sizeof(SGrid<uchar, 1, 1, 3>) = 3
sizeof(S) = 1
sizeof(S) = 2
sizeof(S) = 1
sizeof(S) = 2
