uf.get_label(PairInt(1, 7)) = [1, 7]
uf.unify(PairInt(1, 1), PairInt(3, 2)) = 1
uf.get_label(PairInt(3, 2)) = [3, 2]
uf.get_label(PairInt(1, 1)) = [3, 2]
uf.get_label(PairInt(1, 7)) = [1, 7]
uf.unify(PairInt(3, 2), PairInt(5, 4)) = 1
uf.unify(PairInt(7, 6), PairInt(1, 1)) = 1
uf.unify(PairInt(1, 1), PairInt(3, 2)) = 0
uf.get_label(PairInt(3, 2)) = [5, 4]
uf.get_label(PairInt(1, 1)) = [5, 4]
uf.get_label(PairInt(1, 7)) = [1, 7]
uf.get_label(PairInt(7, 6)) = [5, 4]
uf.get_label(PairInt(5, 4)) = [5, 4]
uf.unify( 1, 2) = 1
uf.unify(11, 12) = 1
uf.unify( 1, 3) = 1
uf.unify( 1, 4) = 1
uf.unify( 4, 5) = 1
uf.unify( 5, 6) = 1
uf.unify( 7, 4) = 1
uf.unify(11, 13) = 1
uf.unify(13, 14) = 1
uf.unify(15, 13) = 1
uf.unify(16, 11) = 1
uf.unify( 0, 1) = 1
uf.unify(20, 0) = 1
uf.unify(19, 0) = 1
uf.unify(19, 20) = 0
uf.unify(16, 12) = 0
uf.unify( 5, 7) = 0
uf.unify(12, 3) = 1
uf.unify(12, 14) = 0
uf.unify(13, 7) = 0
uf.unify( 1, 2) = 0
